[     202ms] [LOG] [Fast Refresh] rebuilding @ http://localhost:3000/kaoyan/_next/static/chunks/node_modules_next_dist_115brz8._.js:2477
[    3357ms] [LOG] [Fast Refresh] done in 3256ms @ http://localhost:3000/kaoyan/_next/static/chunks/node_modules_next_dist_115brz8._.js:2477
[    3529ms] [VERBOSE] [DOM] Input elements should have autocomplete attributes (suggested: "current-password"): (More info: https://goo.gl/9p2vKq) %o @ http://localhost:3000/kaoyan/login:0
[    3641ms] [INFO] %cDownload the React DevTools for a better development experience: https://react.dev/link/react-devtools font-weight:bold @ http://localhost:3000/kaoyan/_next/static/chunks/node_modules_next_dist_115brz8._.js:2477
[    3698ms] [LOG] [HMR] connected @ http://localhost:3000/kaoyan/_next/static/chunks/node_modules_next_dist_115brz8._.js:2477
[  131734ms] [INFO] %cDownload the React DevTools for a better development experience: https://react.dev/link/react-devtools font-weight:bold @ http://localhost:3000/kaoyan/_next/static/chunks/node_modules_next_dist_115brz8._.js:2477
[  131852ms] [LOG] [HMR] connected @ http://localhost:3000/kaoyan/_next/static/chunks/node_modules_next_dist_115brz8._.js:2477
[  132025ms] [LOG] [Fast Refresh] rebuilding @ http://localhost:3000/kaoyan/_next/static/chunks/node_modules_next_dist_115brz8._.js:2477
[  132415ms] [LOG] [Fast Refresh] done in 518ms @ http://localhost:3000/kaoyan/_next/static/chunks/node_modules_next_dist_115brz8._.js:2477
[  133616ms] [INFO] %cDownload the React DevTools for a better development experience: https://react.dev/link/react-devtools font-weight:bold @ http://localhost:3000/kaoyan/_next/static/chunks/node_modules_next_dist_115brz8._.js:2477
[  133721ms] [LOG] [HMR] connected @ http://localhost:3000/kaoyan/_next/static/chunks/node_modules_next_dist_115brz8._.js:2477
[  133941ms] [LOG] [Fast Refresh] rebuilding @ http://localhost:3000/kaoyan/_next/static/chunks/node_modules_next_dist_115brz8._.js:2477
[  134022ms] [LOG] [Fast Refresh] done in 183ms @ http://localhost:3000/kaoyan/_next/static/chunks/node_modules_next_dist_115brz8._.js:2477
[  136316ms] [VERBOSE] [DOM] Input elements should have autocomplete attributes (suggested: "current-password"): (More info: https://goo.gl/9p2vKq) %o @ http://localhost:3000/kaoyan/login:0
[  136513ms] [INFO] %cDownload the React DevTools for a better development experience: https://react.dev/link/react-devtools font-weight:bold @ http://localhost:3000/kaoyan/_next/static/chunks/node_modules_next_dist_115brz8._.js:2477
[  136571ms] [LOG] [HMR] connected @ http://localhost:3000/kaoyan/_next/static/chunks/node_modules_next_dist_115brz8._.js:2477
[  136696ms] [LOG] [Fast Refresh] rebuilding @ http://localhost:3000/kaoyan/_next/static/chunks/node_modules_next_dist_115brz8._.js:2477
[  136775ms] [LOG] [Fast Refresh] done in 181ms @ http://localhost:3000/kaoyan/_next/static/chunks/node_modules_next_dist_115brz8._.js:2477
[  137740ms] [LOG] [Fast Refresh] rebuilding @ http://localhost:3000/kaoyan/_next/static/chunks/node_modules_next_dist_115brz8._.js:2477
[  154642ms] [LOG] [Fast Refresh] done in 17002ms @ http://localhost:3000/kaoyan/_next/static/chunks/node_modules_next_dist_115brz8._.js:2477
[  155301ms] [INFO] %cDownload the React DevTools for a better development experience: https://react.dev/link/react-devtools font-weight:bold @ http://localhost:3000/kaoyan/_next/static/chunks/node_modules_next_dist_115brz8._.js:2477
[  155371ms] [LOG] [HMR] connected @ http://localhost:3000/kaoyan/_next/static/chunks/node_modules_next_dist_115brz8._.js:2477
[  358406ms] [LOG] [Fast Refresh] rebuilding @ http://localhost:3000/kaoyan/_next/static/chunks/node_modules_next_dist_115brz8._.js:2477
[  360883ms] [LOG] [Fast Refresh] done in 2659ms @ http://localhost:3000/kaoyan/_next/static/chunks/node_modules_next_dist_115brz8._.js:2477
